# serializer version: 1
# name: test_setup_platform[sensor.boiler_cv_pressure-entry]
  EntityRegistryEntrySnapshot({
    'aliases': set({
    }),
    'area_id': None,
    'capabilities': None,
    'config_entry_id': <ANY>,
    'device_class': None,
    'device_id': <ANY>,
    'disabled_by': None,
    'domain': 'sensor',
    'entity_category': None,
    'entity_id': 'sensor.boiler_cv_pressure',
    'has_entity_name': True,
    'hidden_by': None,
    'icon': None,
    'id': <ANY>,
    'labels': set({
    }),
    'name': None,
    'options': dict({
    }),
    'original_device_class': <SensorDeviceClass.PRESSURE: 'pressure'>,
    'original_icon': None,
    'original_name': 'CV Pressure',
    'platform': 'incomfort',
    'previous_unique_id': None,
    'supported_features': 0,
    'translation_key': None,
    'unique_id': 'c0ffeec0ffee_cv_pressure',
    'unit_of_measurement': <UnitOfPressure.BAR: 'bar'>,
  })
# ---
# name: test_setup_platform[sensor.boiler_cv_pressure-state]
  StateSnapshot({
    'attributes': ReadOnlyDict({
      'device_class': 'pressure',
      'friendly_name': 'Boiler CV Pressure',
      'unit_of_measurement': <UnitOfPressure.BAR: 'bar'>,
    }),
    'context': <ANY>,
    'entity_id': 'sensor.boiler_cv_pressure',
    'last_changed': <ANY>,
    'last_reported': <ANY>,
    'last_updated': <ANY>,
    'state': '1.86',
  })
# ---
# name: test_setup_platform[sensor.boiler_cv_temp-entry]
  EntityRegistryEntrySnapshot({
    'aliases': set({
    }),
    'area_id': None,
    'capabilities': None,
    'config_entry_id': <ANY>,
    'device_class': None,
    'device_id': <ANY>,
    'disabled_by': None,
    'domain': 'sensor',
    'entity_category': None,
    'entity_id': 'sensor.boiler_cv_temp',
    'has_entity_name': True,
    'hidden_by': None,
    'icon': None,
    'id': <ANY>,
    'labels': set({
    }),
    'name': None,
    'options': dict({
    }),
    'original_device_class': <SensorDeviceClass.TEMPERATURE: 'temperature'>,
    'original_icon': None,
    'original_name': 'CV Temp',
    'platform': 'incomfort',
    'previous_unique_id': None,
    'supported_features': 0,
    'translation_key': None,
    'unique_id': 'c0ffeec0ffee_cv_temp',
    'unit_of_measurement': <UnitOfTemperature.CELSIUS: '째C'>,
  })
# ---
# name: test_setup_platform[sensor.boiler_cv_temp-state]
  StateSnapshot({
    'attributes': ReadOnlyDict({
      'device_class': 'temperature',
      'friendly_name': 'Boiler CV Temp',
      'is_pumping': False,
      'unit_of_measurement': <UnitOfTemperature.CELSIUS: '째C'>,
    }),
    'context': <ANY>,
    'entity_id': 'sensor.boiler_cv_temp',
    'last_changed': <ANY>,
    'last_reported': <ANY>,
    'last_updated': <ANY>,
    'state': '35.34',
  })
# ---
# name: test_setup_platform[sensor.boiler_tap_temp-entry]
  EntityRegistryEntrySnapshot({
    'aliases': set({
    }),
    'area_id': None,
    'capabilities': None,
    'config_entry_id': <ANY>,
    'device_class': None,
    'device_id': <ANY>,
    'disabled_by': None,
    'domain': 'sensor',
    'entity_category': None,
    'entity_id': 'sensor.boiler_tap_temp',
    'has_entity_name': True,
    'hidden_by': None,
    'icon': None,
    'id': <ANY>,
    'labels': set({
    }),
    'name': None,
    'options': dict({
    }),
    'original_device_class': <SensorDeviceClass.TEMPERATURE: 'temperature'>,
    'original_icon': None,
    'original_name': 'Tap Temp',
    'platform': 'incomfort',
    'previous_unique_id': None,
    'supported_features': 0,
    'translation_key': None,
    'unique_id': 'c0ffeec0ffee_tap_temp',
    'unit_of_measurement': <UnitOfTemperature.CELSIUS: '째C'>,
  })
# ---
# name: test_setup_platform[sensor.boiler_tap_temp-state]
  StateSnapshot({
    'attributes': ReadOnlyDict({
      'device_class': 'temperature',
      'friendly_name': 'Boiler Tap Temp',
      'is_tapping': False,
      'unit_of_measurement': <UnitOfTemperature.CELSIUS: '째C'>,
    }),
    'context': <ANY>,
    'entity_id': 'sensor.boiler_tap_temp',
    'last_changed': <ANY>,
    'last_reported': <ANY>,
    'last_updated': <ANY>,
    'state': '30.21',
  })
# ---
